-----------------------Thread-4 ran uname -a @ localhost------------------------
Linux kali 4.18.0-kali2-amd64 #1 SMP Debian 4.18.10-2kali1 (2018-10-09) x86_64 GNU/Linux

------------------------Thread-5 ran uptime @ localhost-------------------------
 16:01:01 up  2:04,  1 user,  load average: 0.99, 0.96, 0.66

-------------------------Thread-3 ran df -h @ localhost-------------------------
Filesystem                 Size  Used Avail Use% Mounted on
udev                       7.8G     0  7.8G   0% /dev
tmpfs                      1.6G  9.9M  1.6G   1% /run
/dev/mapper/kali--vg-root   23G   12G   11G  52% /
tmpfs                      7.8G   11M  7.8G   1% /dev/shm
tmpfs                      5.0M     0  5.0M   0% /run/lock
tmpfs                      7.8G     0  7.8G   0% /sys/fs/cgroup
/dev/nvme0n1p2             237M   58M  167M  26% /boot
/dev/nvme0n1p1             511M  132K  511M   1% /boot/efi
/dev/mapper/kali--vg-var   9.2G  5.5G  3.2G  64% /var
/dev/mapper/kali--vg-tmp   1.8G  7.6M  1.7G   1% /tmp
/dev/mapper/kali--vg-home  185G   16G  160G   9% /home
tmpfs                      1.6G   12K  1.6G   1% /run/user/133
tmpfs                      1.6G   36K  1.6G   1% /run/user/1000
tmpfs                      1.6G     0  1.6G   0% /run/user/1001

------------------------Thread-2 ran free -m @ localhost------------------------
              total        used        free      shared  buff/cache   available
Mem:          15812        2505       11304         270        2002       12720
Swap:         16147           0       16147

-------------------------Thread-1 ran lscpu @ localhost-------------------------
Architecture:        x86_64
CPU op-mode(s):      32-bit, 64-bit
Byte Order:          Little Endian
CPU(s):              4
On-line CPU(s) list: 0-3
Thread(s) per core:  2
Core(s) per socket:  2
Socket(s):           1
NUMA node(s):        1
Vendor ID:           GenuineIntel
CPU family:          6
Model:               142
Model name:          Intel(R) Core(TM) i7-7500U CPU @ 2.70GHz
Stepping:            9
CPU MHz:             3365.657
CPU max MHz:         3500.0000
CPU min MHz:         400.0000
BogoMIPS:            5808.00
Virtualization:      VT-x
L1d cache:           32K
L1i cache:           32K
L2 cache:            256K
L3 cache:            4096K
NUMA node0 CPU(s):   0-3
Flags:               fpu vme de pse tsc msr pae mce cx8 apic sep mtrr pge mca cmov pat pse36 clflush dts acpi mmx fxsr sse sse2 ss ht tm pbe syscall nx pdpe1gb rdtscp lm constant_tsc art arch_perfmon pebs bts rep_good nopl xtopology nonstop_tsc cpuid aperfmperf tsc_known_freq pni pclmulqdq dtes64 monitor ds_cpl vmx est tm2 ssse3 sdbg fma cx16 xtpr pdcm pcid sse4_1 sse4_2 x2apic movbe popcnt tsc_deadline_timer aes xsave avx f16c rdrand lahf_lm abm 3dnowprefetch cpuid_fault epb invpcid_single pti ssbd ibrs ibpb stibp tpr_shadow vnmi flexpriority ept vpid fsgsbase tsc_adjust bmi1 avx2 smep bmi2 erms invpcid mpx rdseed adx smap clflushopt intel_pt xsaveopt xsavec xgetbv1 xsaves dtherm ida arat pln pts hwp hwp_notify hwp_act_window hwp_epp flush_l1d

------------------------Thread-8 ran uptime @ localhost-------------------------
 16:01:09 up  2:04,  1 user,  load average: 0.91, 0.95, 0.65

------------------------Thread-2 ran free -m @ localhost------------------------
              total        used        free      shared  buff/cache   available
Mem:          15812        2500       11305         274        2006       12721
Swap:         16147           0       16147

-------------------------Thread-4 ran df -h @ localhost-------------------------
Filesystem                 Size  Used Avail Use% Mounted on
udev                       7.8G     0  7.8G   0% /dev
tmpfs                      1.6G  9.9M  1.6G   1% /run
/dev/mapper/kali--vg-root   23G   12G   11G  52% /
tmpfs                      7.8G   11M  7.8G   1% /dev/shm
tmpfs                      5.0M     0  5.0M   0% /run/lock
tmpfs                      7.8G     0  7.8G   0% /sys/fs/cgroup
/dev/nvme0n1p2             237M   58M  167M  26% /boot
/dev/nvme0n1p1             511M  132K  511M   1% /boot/efi
/dev/mapper/kali--vg-var   9.2G  5.5G  3.2G  64% /var
/dev/mapper/kali--vg-tmp   1.8G  7.6M  1.7G   1% /tmp
/dev/mapper/kali--vg-home  185G   16G  160G   9% /home
tmpfs                      1.6G   12K  1.6G   1% /run/user/133
tmpfs                      1.6G   36K  1.6G   1% /run/user/1000
tmpfs                      1.6G     0  1.6G   0% /run/user/1001

-----------------------Thread-5 ran uname -a @ localhost------------------------
Linux kali 4.18.0-kali2-amd64 #1 SMP Debian 4.18.10-2kali1 (2018-10-09) x86_64 GNU/Linux

-------------------------Thread-1 ran lscpu @ localhost-------------------------
Architecture:        x86_64
CPU op-mode(s):      32-bit, 64-bit
Byte Order:          Little Endian
CPU(s):              4
On-line CPU(s) list: 0-3
Thread(s) per core:  2
Core(s) per socket:  2
Socket(s):           1
NUMA node(s):        1
Vendor ID:           GenuineIntel
CPU family:          6
Model:               142
Model name:          Intel(R) Core(TM) i7-7500U CPU @ 2.70GHz
Stepping:            9
CPU MHz:             3500.009
CPU max MHz:         3500.0000
CPU min MHz:         400.0000
BogoMIPS:            5808.00
Virtualization:      VT-x
L1d cache:           32K
L1i cache:           32K
L2 cache:            256K
L3 cache:            4096K
NUMA node0 CPU(s):   0-3
Flags:               fpu vme de pse tsc msr pae mce cx8 apic sep mtrr pge mca cmov pat pse36 clflush dts acpi mmx fxsr sse sse2 ss ht tm pbe syscall nx pdpe1gb rdtscp lm constant_tsc art arch_perfmon pebs bts rep_good nopl xtopology nonstop_tsc cpuid aperfmperf tsc_known_freq pni pclmulqdq dtes64 monitor ds_cpl vmx est tm2 ssse3 sdbg fma cx16 xtpr pdcm pcid sse4_1 sse4_2 x2apic movbe popcnt tsc_deadline_timer aes xsave avx f16c rdrand lahf_lm abm 3dnowprefetch cpuid_fault epb invpcid_single pti ssbd ibrs ibpb stibp tpr_shadow vnmi flexpriority ept vpid fsgsbase tsc_adjust bmi1 avx2 smep bmi2 erms invpcid mpx rdseed adx smap clflushopt intel_pt xsaveopt xsavec xgetbv1 xsaves dtherm ida arat pln pts hwp hwp_notify hwp_act_window hwp_epp flush_l1d

------------------------Thread-2 ran free -m @ localhost------------------------
              total        used        free      shared  buff/cache   available
Mem:          15812        2537       11271         258        2004       12700
Swap:         16147           0       16147

------------------------Thread-6 ran uptime @ localhost-------------------------
 16:34:55 up  2:38,  1 user,  load average: 0.90, 0.57, 0.39

-------------------------Thread-3 ran df -h @ localhost-------------------------
Filesystem                 Size  Used Avail Use% Mounted on
udev                       7.8G     0  7.8G   0% /dev
tmpfs                      1.6G  9.9M  1.6G   1% /run
/dev/mapper/kali--vg-root   23G   12G   11G  52% /
tmpfs                      7.8G   12M  7.8G   1% /dev/shm
tmpfs                      5.0M     0  5.0M   0% /run/lock
tmpfs                      7.8G     0  7.8G   0% /sys/fs/cgroup
/dev/nvme0n1p2             237M   58M  167M  26% /boot
/dev/nvme0n1p1             511M  132K  511M   1% /boot/efi
/dev/mapper/kali--vg-var   9.2G  5.5G  3.2G  64% /var
/dev/mapper/kali--vg-tmp   1.8G  7.6M  1.7G   1% /tmp
/dev/mapper/kali--vg-home  185G   16G  160G   9% /home
tmpfs                      1.6G   12K  1.6G   1% /run/user/133
tmpfs                      1.6G   36K  1.6G   1% /run/user/1000
tmpfs                      1.6G     0  1.6G   0% /run/user/1001

-----------------------Thread-4 ran uname -a @ localhost------------------------
Linux kali 4.18.0-kali2-amd64 #1 SMP Debian 4.18.10-2kali1 (2018-10-09) x86_64 GNU/Linux

-------------------------Thread-1 ran lscpu @ localhost-------------------------
Architecture:        x86_64
CPU op-mode(s):      32-bit, 64-bit
Byte Order:          Little Endian
CPU(s):              4
On-line CPU(s) list: 0-3
Thread(s) per core:  2
Core(s) per socket:  2
Socket(s):           1
NUMA node(s):        1
Vendor ID:           GenuineIntel
CPU family:          6
Model:               142
Model name:          Intel(R) Core(TM) i7-7500U CPU @ 2.70GHz
Stepping:            9
CPU MHz:             3500.297
CPU max MHz:         3500.0000
CPU min MHz:         400.0000
BogoMIPS:            5808.00
Virtualization:      VT-x
L1d cache:           32K
L1i cache:           32K
L2 cache:            256K
L3 cache:            4096K
NUMA node0 CPU(s):   0-3
Flags:               fpu vme de pse tsc msr pae mce cx8 apic sep mtrr pge mca cmov pat pse36 clflush dts acpi mmx fxsr sse sse2 ss ht tm pbe syscall nx pdpe1gb rdtscp lm constant_tsc art arch_perfmon pebs bts rep_good nopl xtopology nonstop_tsc cpuid aperfmperf tsc_known_freq pni pclmulqdq dtes64 monitor ds_cpl vmx est tm2 ssse3 sdbg fma cx16 xtpr pdcm pcid sse4_1 sse4_2 x2apic movbe popcnt tsc_deadline_timer aes xsave avx f16c rdrand lahf_lm abm 3dnowprefetch cpuid_fault epb invpcid_single pti ssbd ibrs ibpb stibp tpr_shadow vnmi flexpriority ept vpid fsgsbase tsc_adjust bmi1 avx2 smep bmi2 erms invpcid mpx rdseed adx smap clflushopt intel_pt xsaveopt xsavec xgetbv1 xsaves dtherm ida arat pln pts hwp hwp_notify hwp_act_window hwp_epp flush_l1d

-------------------------Thread-3 ran df -h @ localhost-------------------------
Filesystem                 Size  Used Avail Use% Mounted on
udev                       7.8G     0  7.8G   0% /dev
tmpfs                      1.6G  9.9M  1.6G   1% /run
/dev/mapper/kali--vg-root   23G   12G   11G  52% /
tmpfs                      7.8G   12M  7.8G   1% /dev/shm
tmpfs                      5.0M     0  5.0M   0% /run/lock
tmpfs                      7.8G     0  7.8G   0% /sys/fs/cgroup
/dev/nvme0n1p2             237M   58M  167M  26% /boot
/dev/nvme0n1p1             511M  132K  511M   1% /boot/efi
/dev/mapper/kali--vg-var   9.2G  5.5G  3.2G  64% /var
/dev/mapper/kali--vg-tmp   1.8G  7.6M  1.7G   1% /tmp
/dev/mapper/kali--vg-home  185G   16G  160G   9% /home
tmpfs                      1.6G   12K  1.6G   1% /run/user/133
tmpfs                      1.6G   36K  1.6G   1% /run/user/1000
tmpfs                      1.6G     0  1.6G   0% /run/user/1001

------------------------Thread-2 ran free -m @ localhost------------------------
              total        used        free      shared  buff/cache   available
Mem:          15812        2537       11270         258        2004       12700
Swap:         16147           0       16147

-----------------------Thread-4 ran uname -a @ localhost------------------------
Linux kali 4.18.0-kali2-amd64 #1 SMP Debian 4.18.10-2kali1 (2018-10-09) x86_64 GNU/Linux

------------------------Thread-7 ran uptime @ localhost-------------------------
 16:35:33 up  2:38,  1 user,  load average: 0.46, 0.50, 0.37

-------------------------Thread-1 ran lscpu @ localhost-------------------------
Architecture:        x86_64
CPU op-mode(s):      32-bit, 64-bit
Byte Order:          Little Endian
CPU(s):              4
On-line CPU(s) list: 0-3
Thread(s) per core:  2
Core(s) per socket:  2
Socket(s):           1
NUMA node(s):        1
Vendor ID:           GenuineIntel
CPU family:          6
Model:               142
Model name:          Intel(R) Core(TM) i7-7500U CPU @ 2.70GHz
Stepping:            9
CPU MHz:             3246.332
CPU max MHz:         3500.0000
CPU min MHz:         400.0000
BogoMIPS:            5808.00
Virtualization:      VT-x
L1d cache:           32K
L1i cache:           32K
L2 cache:            256K
L3 cache:            4096K
NUMA node0 CPU(s):   0-3
Flags:               fpu vme de pse tsc msr pae mce cx8 apic sep mtrr pge mca cmov pat pse36 clflush dts acpi mmx fxsr sse sse2 ss ht tm pbe syscall nx pdpe1gb rdtscp lm constant_tsc art arch_perfmon pebs bts rep_good nopl xtopology nonstop_tsc cpuid aperfmperf tsc_known_freq pni pclmulqdq dtes64 monitor ds_cpl vmx est tm2 ssse3 sdbg fma cx16 xtpr pdcm pcid sse4_1 sse4_2 x2apic movbe popcnt tsc_deadline_timer aes xsave avx f16c rdrand lahf_lm abm 3dnowprefetch cpuid_fault epb invpcid_single pti ssbd ibrs ibpb stibp tpr_shadow vnmi flexpriority ept vpid fsgsbase tsc_adjust bmi1 avx2 smep bmi2 erms invpcid mpx rdseed adx smap clflushopt intel_pt xsaveopt xsavec xgetbv1 xsaves dtherm ida arat pln pts hwp hwp_notify hwp_act_window hwp_epp flush_l1d

-------------------------Thread-3 ran df -h @ localhost-------------------------
Filesystem                 Size  Used Avail Use% Mounted on
udev                       7.8G     0  7.8G   0% /dev
tmpfs                      1.6G  9.9M  1.6G   1% /run
/dev/mapper/kali--vg-root   23G   12G   11G  52% /
tmpfs                      7.8G   12M  7.8G   1% /dev/shm
tmpfs                      5.0M     0  5.0M   0% /run/lock
tmpfs                      7.8G     0  7.8G   0% /sys/fs/cgroup
/dev/nvme0n1p2             237M   58M  167M  26% /boot
/dev/nvme0n1p1             511M  132K  511M   1% /boot/efi
/dev/mapper/kali--vg-var   9.2G  5.5G  3.2G  64% /var
/dev/mapper/kali--vg-tmp   1.8G  7.6M  1.7G   1% /tmp
/dev/mapper/kali--vg-home  185G   16G  160G   9% /home
tmpfs                      1.6G   12K  1.6G   1% /run/user/133
tmpfs                      1.6G   36K  1.6G   1% /run/user/1000
tmpfs                      1.6G     0  1.6G   0% /run/user/1001

------------------------Thread-6 ran uptime @ localhost-------------------------
 16:49:48 up  2:53,  1 user,  load average: 0.49, 0.24, 0.26

-----------------------Thread-4 ran uname -a @ localhost------------------------
Linux kali 4.18.0-kali2-amd64 #1 SMP Debian 4.18.10-2kali1 (2018-10-09) x86_64 GNU/Linux

------------------------Thread-2 ran free -m @ localhost------------------------
              total        used        free      shared  buff/cache   available
Mem:          15812        2556       11249         259        2006       12681
Swap:         16147           0       16147

-------------------------Thread-1 ran lscpu @ localhost-------------------------
Architecture:        x86_64
CPU op-mode(s):      32-bit, 64-bit
Byte Order:          Little Endian
CPU(s):              4
On-line CPU(s) list: 0-3
Thread(s) per core:  2
Core(s) per socket:  2
Socket(s):           1
NUMA node(s):        1
Vendor ID:           GenuineIntel
CPU family:          6
Model:               142
Model name:          Intel(R) Core(TM) i7-7500U CPU @ 2.70GHz
Stepping:            9
CPU MHz:             3500.001
CPU max MHz:         3500.0000
CPU min MHz:         400.0000
BogoMIPS:            5808.00
Virtualization:      VT-x
L1d cache:           32K
L1i cache:           32K
L2 cache:            256K
L3 cache:            4096K
NUMA node0 CPU(s):   0-3
Flags:               fpu vme de pse tsc msr pae mce cx8 apic sep mtrr pge mca cmov pat pse36 clflush dts acpi mmx fxsr sse sse2 ss ht tm pbe syscall nx pdpe1gb rdtscp lm constant_tsc art arch_perfmon pebs bts rep_good nopl xtopology nonstop_tsc cpuid aperfmperf tsc_known_freq pni pclmulqdq dtes64 monitor ds_cpl vmx est tm2 ssse3 sdbg fma cx16 xtpr pdcm pcid sse4_1 sse4_2 x2apic movbe popcnt tsc_deadline_timer aes xsave avx f16c rdrand lahf_lm abm 3dnowprefetch cpuid_fault epb invpcid_single pti ssbd ibrs ibpb stibp tpr_shadow vnmi flexpriority ept vpid fsgsbase tsc_adjust bmi1 avx2 smep bmi2 erms invpcid mpx rdseed adx smap clflushopt intel_pt xsaveopt xsavec xgetbv1 xsaves dtherm ida arat pln pts hwp hwp_notify hwp_act_window hwp_epp flush_l1d

